Unsupported construct: Mutually recursive datatypes ((recursive) let binding; from [ <unknown>
, mutuallyRecursiveTypes:1:2
, mutuallyRecursiveTypes:1:2 ])