(program 1.0.0
  [
    (lam
      fix1_i0
      (all a_i0 (type) (all b_i0 (type) (fun (fun (fun a_i2 b_i1) (fun a_i2 b_i1)) (fun a_i2 b_i1))))
      [
        (lam
          tup_i0
          (all r_i0 (type) (fun (fun (fun (all a_i0 (type) (fun a_i1 a_i1)) (all a_i0 (type) (fun a_i1 a_i1))) r_i1) r_i1))
          [
            (lam
              y_i0
              (fun (all a_i0 (type) (fun a_i1 a_i1)) (all a_i0 (type) (fun a_i1 a_i1)))
              [
                (lam
                  tup_i0
                  (all r_i0 (type) (fun (fun (fun (all a_i0 (type) (fun a_i1 a_i1)) (all a_i0 (type) (fun a_i1 a_i1))) r_i1) r_i1))
                  [
                    (lam
                      x_i0
                      (fun (all a_i0 (type) (fun a_i1 a_i1)) (all a_i0 (type) (fun a_i1 a_i1)))
                      [ x_i1 (abs a_i0 (type) (lam x_i0 a_i2 x_i1)) ]
                    )
                    [
                      {
                        tup_i1
                        (fun (all a_i0 (type) (fun a_i1 a_i1)) (all a_i0 (type) (fun a_i1 a_i1)))
                      }
                      (lam
                        arg_0_i0
                        (fun (all a_i0 (type) (fun a_i1 a_i1)) (all a_i0 (type) (fun a_i1 a_i1)))
                        arg_0_i1
                      )
                    ]
                  ]
                )
                (abs
                  r_i0
                  (type)
                  (lam
                    f_i0
                    (fun (fun (all a_i0 (type) (fun a_i1 a_i1)) (all a_i0 (type) (fun a_i1 a_i1))) r_i2)
                    [
                      f_i1
                      [
                        {
                          { fix1_i5 (all a_i0 (type) (fun a_i1 a_i1)) }
                          (all a_i0 (type) (fun a_i1 a_i1))
                        }
                        (lam
                          x_i0
                          (fun (all a_i0 (type) (fun a_i1 a_i1)) (all a_i0 (type) (fun a_i1 a_i1)))
                          (lam
                            arg_i0
                            (all a_i0 (type) (fun a_i1 a_i1))
                            [ y_i5 (abs a_i0 (type) (lam x_i0 a_i2 x_i1)) ]
                          )
                        )
                      ]
                    ]
                  )
                )
              ]
            )
            [
              {
                tup_i1
                (fun (all a_i0 (type) (fun a_i1 a_i1)) (all a_i0 (type) (fun a_i1 a_i1)))
              }
              (lam
                arg_0_i0
                (fun (all a_i0 (type) (fun a_i1 a_i1)) (all a_i0 (type) (fun a_i1 a_i1)))
                arg_0_i1
              )
            ]
          ]
        )
        (abs
          r_i0
          (type)
          (lam
            f_i0
            (fun (fun (all a_i0 (type) (fun a_i1 a_i1)) (all a_i0 (type) (fun a_i1 a_i1))) r_i2)
            [
              f_i1
              [
                {
                  { fix1_i3 (all a_i0 (type) (fun a_i1 a_i1)) }
                  (all a_i0 (type) (fun a_i1 a_i1))
                }
                (lam
                  y_i0
                  (fun (all a_i0 (type) (fun a_i1 a_i1)) (all a_i0 (type) (fun a_i1 a_i1)))
                  (lam
                    arg_i0
                    (all a_i0 (type) (fun a_i1 a_i1))
                    (abs a_i0 (type) (lam x_i0 a_i2 x_i1))
                  )
                )
              ]
            ]
          )
        )
      ]
    )
    (abs
      a_i0
      (type)
      (abs
        b_i0
        (type)
        (lam
          f_i0
          (fun (fun a_i3 b_i2) (fun a_i3 b_i2))
          [
            {
              (abs
                a_i0
                (type)
                (lam
                  s_i0
                  [(lam a_i0 (type) (ifix (lam self_i0 (fun (type) (type)) (lam a_i0 (type) (fun [self_i2 a_i1] a_i1))) a_i1)) a_i2]
                  [ (unwrap s_i1) s_i1 ]
                )
              )
              (fun a_i3 b_i2)
            }
            (iwrap
              (lam self_i0 (fun (type) (type)) (lam a_i0 (type) (fun [self_i2 a_i1] a_i1)))
              (fun a_i3 b_i2)
              (lam
                s_i0
                [(lam a_i0 (type) (ifix (lam self_i0 (fun (type) (type)) (lam a_i0 (type) (fun [self_i2 a_i1] a_i1))) a_i1)) (fun a_i4 b_i3)]
                (lam
                  x_i0
                  a_i5
                  [
                    [
                      f_i3
                      [
                        {
                          (abs
                            a_i0
                            (type)
                            (lam
                              s_i0
                              [(lam a_i0 (type) (ifix (lam self_i0 (fun (type) (type)) (lam a_i0 (type) (fun [self_i2 a_i1] a_i1))) a_i1)) a_i2]
                              [ (unwrap s_i1) s_i1 ]
                            )
                          )
                          (fun a_i5 b_i4)
                        }
                        s_i2
                      ]
                    ]
                    x_i1
                  ]
                )
              )
            )
          ]
        )
      )
    )
  ]
)