ParseErrorBundle {bundleErrors = TrivialError 93 (Just (Tokens ('x' :| ""))) (fromList [Tokens (')' :| "")]) :| [], bundlePosState = PosState {pstateInput = "[(lam x (con integer)\n(let\n  (nonrec)\n  (termbind (strict) (vardecl j (con integer)) (con 3) x)\n  (datatypebind\n    (datatype\n      (tyvardecl Maybe (fun (type) (type)))\n      (tyvardecl a (type))\n      match_Maybe\n      (vardecl Nothing [Maybe a]) (vardecl Just (fun a [Maybe a]))\n    )\n  )\n  [ { Just (all a (type) (fun a a)) } (abs a (type) (lam x a x)) ]\n)\n  )\n (con 1)]\n", pstateOffset = 0, pstateSourcePos = SourcePos {sourceName = "maybe", sourceLine = Pos 1, sourceColumn = Pos 1}, pstateTabWidth = Pos 8, pstateLinePrefix = ""}}