(let
  (nonrec)
  (termbind (strict) (vardecl i (con integer)) (con 3))
  (termbind
    (strict) (vardecl j (con integer)) [ [ (builtin addInteger) i ] (con 1) ]
  )
  [ (lam x (all a (type) (fun a a)) j) (con 4) ]
)